
================================================================================
ORDINAL REGRESSION ANALYSIS FOR AMPHIBIAN CALL INTENSITIES
================================================================================

Modeling framework:
  • Cumulative-link (ordinal) regression
  • Splines for nonlinear environmental effects
  • Fourier terms for cyclic temporal patterns
  • Lags for serial dependence and cross-species influence
================================================================================
================================================================================
STEP 1: LOADING AND TIDYING DATA
================================================================================

Loaded 2904 observations
Columns: ['Date', 'Month', 'Day', 'hour', 'Temp', 'RH%', 'Oreobates berdemenos', 'Gastrotheca chysosticta']

Call intensity distribution:
  oreo_calls: range 0-7
    Binning oreo_calls into 0-3 scale...
  gastro_calls: range 0-7
    Binning gastro_calls into 0-3 scale...

Final call intensity distribution:

oreo_calls:
oreo_calls
0    1198
1    1426
2     254
3      26
Name: count, dtype: int64

gastro_calls:
gastro_calls
0     707
1    1644
2     493
3      60
Name: count, dtype: int64

Final dataset: 2904 complete observations

================================================================================
STEP 2: BUILDING CYCLIC FEATURES (Fourier Terms)
================================================================================

Created Fourier features:
  Hour-of-day: 2 harmonics (4 features)
  Day-of-year: 3 harmonics (6 features)
  Total: 10 cyclic features

================================================================================
STEP 3: BUILDING SPLINE FEATURES (Nonlinearity)
================================================================================

Created spline features with 5 knots:
  Temperature: 5 basis functions (1 dropped to remove constant)
  Relative Humidity: 5 basis functions (1 dropped to remove constant)
  Total: 10 spline features

================================================================================
STEP 4: BUILDING LAG FEATURES (Serial & Cross-Species)
================================================================================

Created lag features (lag 1 to 1):
  Oreobates lags: 1 features
  Gastrotheca lags: 1 features
  Total: 2 lag features

Removed 1 initial rows with missing lag values
Final dataset: 2903 observations

================================================================================
STEP 5: FITTING ORDINAL MODELS
================================================================================

--------------------------------------------------------------------------------
Fitting Oreobates berdemenos Model
--------------------------------------------------------------------------------
Response: oreo_calls
Predictors: 22 variables
Observations: 2903
Categories: [np.int64(0), np.int64(1), np.int64(2), np.int64(3)]

Model converged: True
Log-likelihood: -2550.19
AIC: 5150.37
BIC: 5299.71

--------------------------------------------------------------------------------
Fitting Gastrotheca chysosticta Model
--------------------------------------------------------------------------------
Response: gastro_calls
Predictors: 22 variables
Observations: 2903
Categories: [np.int64(0), np.int64(1), np.int64(2), np.int64(3)]

Model converged: True
Log-likelihood: -2986.92
AIC: 6023.84
BIC: 6173.18

================================================================================
COEFFICIENT INTERPRETATION: Oreobates berdemenos
================================================================================

Top 15 Effects (by magnitude):
--------------------------------------------------------------------------------
     Variable  Coefficient  Std.Error        P>|z|  Odds Ratio Sig
temp_spline_5    -5.569421   1.660298 7.951671e-04    0.003813 ***
temp_spline_4    -2.299747   0.636230 3.007568e-04    0.100284 ***
temp_spline_3    -1.767245   0.639165 5.693515e-03    0.170803  **
  rh_spline_5     1.484592   0.247426 1.971287e-09    4.413162 ***
temp_spline_2    -1.405855   0.611463 2.149555e-02    0.245157   *
  rh_spline_4     1.311402   0.197654 3.248711e-11    3.711375 ***
  rh_spline_3     1.215253   0.205460 3.323079e-09    3.371146 ***
temp_spline_1    -0.874392   0.661298 1.860894e-01    0.417116    
  rh_spline_2     0.777026   0.184767 2.605879e-05    2.174993 ***
  rh_spline_1     0.598602   0.225476 7.934627e-03    1.819574  **
    doy_sin_2     0.069446   0.052668 1.873109e-01    1.071915    
   hour_cos_2     0.065624   0.053439 2.194369e-01    1.067825    
    doy_cos_1    -0.056307   0.052340 2.820149e-01    0.945249    
  gastro_lag1     0.051373   0.053528 3.371806e-01    1.052716    
    doy_sin_1    -0.046341   0.054138 3.920062e-01    0.954716    


KEY INTERPRETATIONS:
--------------------------------------------------------------------------------

1. SERIAL DEPENDENCE (Own Species Lags):

2. CROSS-SPECIES INFLUENCE:

3. ENVIRONMENTAL EFFECTS:
   Temperature and RH effects are captured by splines (see plots)
   • Temperature: 5 spline basis functions
   • Relative Humidity: 5 spline basis functions

4. TEMPORAL PATTERNS:
   • Hour-of-day: 4 Fourier terms
   • Day-of-year: 6 Fourier terms
   (See time series plots for diurnal/seasonal patterns)

================================================================================
COEFFICIENT INTERPRETATION: Gastrotheca chysosticta
================================================================================

Top 15 Effects (by magnitude):
--------------------------------------------------------------------------------
     Variable  Coefficient  Std.Error    P>|z|  Odds Ratio Sig
temp_spline_4     1.464072   0.589342 0.012983    4.323527   *
temp_spline_3     1.190274   0.591007 0.044012    3.287983   *
temp_spline_2     1.109106   0.564970 0.049632    3.031646   *
temp_spline_5     0.903965   1.238666 0.465519    2.469376    
temp_spline_1     0.883953   0.613151 0.149399    2.420450    
  rh_spline_4    -0.416966   0.186246 0.025169    0.659043   *
  rh_spline_5    -0.308070   0.234900 0.189690    0.734864    
  rh_spline_3    -0.206909   0.195744 0.290494    0.813094    
  rh_spline_2    -0.143095   0.174861 0.413166    0.866671    
   hour_sin_2     0.074273   0.050879 0.144342    1.077101    
    doy_cos_3    -0.071933   0.051601 0.163309    0.930593    
   hour_cos_2     0.067485   0.051590 0.190838    1.069815    
    doy_cos_1    -0.053936   0.050557 0.286045    0.947493    
   hour_cos_1     0.052326   0.051517 0.309772    1.053719    
    doy_cos_2     0.051117   0.051853 0.324221    1.052446    


KEY INTERPRETATIONS:
--------------------------------------------------------------------------------

1. SERIAL DEPENDENCE (Own Species Lags):

2. CROSS-SPECIES INFLUENCE:

3. ENVIRONMENTAL EFFECTS:
   Temperature and RH effects are captured by splines (see plots)
   • Temperature: 5 spline basis functions
   • Relative Humidity: 5 spline basis functions

4. TEMPORAL PATTERNS:
   • Hour-of-day: 4 Fourier terms
   • Day-of-year: 6 Fourier terms
   (See time series plots for diurnal/seasonal patterns)

================================================================================
STEP 6: GENERATING VISUALIZATIONS
================================================================================

================================================================================
CREATING COMPREHENSIVE PLOTS
================================================================================

Plot saved to: plots/ordinal_regression_comprehensive.png

================================================================================
VALIDITY ASSESSMENT OF INFERENCES
================================================================================

1. MODEL CONVERGENCE
--------------------------------------------------------------------------------
   Oreobates model converged: True
   Gastrotheca model converged: True

2. PROPORTIONAL ODDS ASSUMPTION
--------------------------------------------------------------------------------
   The ordinal logistic model assumes proportional odds across categories.
   This means the effect of predictors is constant across different thresholds.
   Violation would suggest using partial proportional odds or multinomial models.
   → Check: Compare AIC/BIC with multinomial logit if concerned

3. SERIAL CORRELATION IN RESIDUALS
--------------------------------------------------------------------------------
   Oreobates residual ACF(1): -0.006
   Gastrotheca residual ACF(1): 0.003
   → Lag-1 predictors should capture most autocorrelation
   → ✓ Low residual autocorrelation

4. MULTICOLLINEARITY
--------------------------------------------------------------------------------
   Oreobates design matrix condition number: 43.5
   Gastrotheca design matrix condition number: 43.5
   → Condition number < 30: Good
   → Condition number 30-1000: Moderate multicollinearity
   → Condition number > 1000: Severe multicollinearity

5. SAMPLE SIZE ADEQUACY
--------------------------------------------------------------------------------
   Observations: 2903
   Oreobates parameters: 25 (ratio: 116.1:1)
   Gastrotheca parameters: 25 (ratio: 116.1:1)
   → Rule of thumb: At least 10-20 observations per parameter
   → ✓ Adequate sample size

6. CROSS-SPECIES EFFECTS SIGNIFICANCE
--------------------------------------------------------------------------------
   Gastrotheca → Oreobates effect p-value: 0.3372
   → ✗ Not significant
   Oreobates → Gastrotheca effect p-value: 0.4285
   → ✗ Not significant

7. OUT-OF-SAMPLE VALIDATION
--------------------------------------------------------------------------------
   Recommendation: Perform k-fold cross-validation or time-series split
   to assess generalization performance on held-out data.

8. CAUSAL INTERPRETATION CAVEATS
--------------------------------------------------------------------------------
   ⚠ IMPORTANT: These models show ASSOCIATION, not CAUSATION
   • Cross-species 'influence' could reflect:
     - Shared environmental drivers not fully captured
     - Common behavioral responses to unmeasured factors
     - True behavioral interaction
   • Temporal precedence (lags) suggests potential causality but doesn't prove it
   • Experimental manipulation would be needed for causal claims

================================================================================

================================================================================
EXAMPLE PREDICTIONS ON TEMP-HUMIDITY GRID
================================================================================

Scenario: 22:00 (night), mid-year (day 180)
Previous hour: Both species had moderate calls (lag=1)

Temperature range: 3.5°C to 35.9°C
Humidity range: 60.0% to 100.0%

Predicted probabilities for specific conditions:
--------------------------------------------------------------------------------

Temp=15°C, RH=70%:
Traceback (most recent call last):
  File "/home/runner/work/yungas_aruna/yungas_aruna/Gastros_helechos/ordinal_regression_analysis.py", line 1034, in <module>
    main()
  File "/home/runner/work/yungas_aruna/yungas_aruna/Gastros_helechos/ordinal_regression_analysis.py", line 991, in main
    temp_grid, rh_grid, oreo_probs = predict_probabilities_grid(
                                     ^^^^^^^^^^^^^^^^^^^^^^^^^^^
  File "/home/runner/work/yungas_aruna/yungas_aruna/Gastros_helechos/ordinal_regression_analysis.py", line 481, in predict_probabilities_grid
    temp_splines = dmatrix(temp_formula, pred_df, return_type='dataframe')
                   ^^^^^^^^^^^^^^^^^^^^^^^^^^^^^^^^^^^^^^^^^^^^^^^^^^^^^^^
  File "/home/runner/.local/lib/python3.12/site-packages/patsy/highlevel.py", line 294, in dmatrix
    (lhs, rhs) = _do_highlevel_design(
                 ^^^^^^^^^^^^^^^^^^^^^
  File "/home/runner/.local/lib/python3.12/site-packages/patsy/highlevel.py", line 162, in _do_highlevel_design
    design_infos = _try_incr_builders(
                   ^^^^^^^^^^^^^^^^^^^
  File "/home/runner/.local/lib/python3.12/site-packages/patsy/highlevel.py", line 56, in _try_incr_builders
    return design_matrix_builders(
           ^^^^^^^^^^^^^^^^^^^^^^^
  File "/home/runner/.local/lib/python3.12/site-packages/patsy/build.py", line 743, in design_matrix_builders
    factor_states = _factors_memorize(all_factors, data_iter_maker, eval_env)
                    ^^^^^^^^^^^^^^^^^^^^^^^^^^^^^^^^^^^^^^^^^^^^^^^^^^^^^^^^^
  File "/home/runner/.local/lib/python3.12/site-packages/patsy/build.py", line 409, in _factors_memorize
    factor.memorize_finish(factor_states[factor], which_pass)
  File "/home/runner/.local/lib/python3.12/site-packages/patsy/eval.py", line 596, in memorize_finish
    state["transforms"][obj_name].memorize_finish()
  File "/home/runner/.local/lib/python3.12/site-packages/patsy/mgcv_cubic_splines.py", line 668, in memorize_finish
    self._all_knots = _get_all_sorted_knots(
                      ^^^^^^^^^^^^^^^^^^^^^^
  File "/home/runner/.local/lib/python3.12/site-packages/patsy/mgcv_cubic_splines.py", line 483, in _get_all_sorted_knots
    raise ValueError(
ValueError: Unable to compute n_inner_knots(=4) + 2 distinct knots: 1 data value(s) found between lower_bound(=np.float64(-0.7570696686212455)) and upper_bound(=np.float64(-0.7570696686212455)).
